{
  "Data": [
    {
      "Id": 1,
      "Name": "task_1",
      "Description": "task_1_description"
    },
    {
      "Id": 2,
      "Name": "task_2",
      "Description": "task_2_description"
    }
  ],
  "Error": null,
  "IsFailed": false
}
