{
  "Data": {
    "Id": 2,
    "Name": "task updated",
    "Description": "task_2_description"
  },
  "Error": null,
  "IsFailed": false
}
