{
  "Data": {
    "Id": 3,
    "Name": "task 3",
    "Description": "description 3"
  },
  "Error": null,
  "IsFailed": false
}
