{
  "Data": [
    {
      "Id": 1,
      "Name": "task_1",
      "Description": "task_1_description"
    }
  ],
  "Error": null,
  "IsFailed": false
}
